[www.imperial-hotel-copenhagen.com/index.html]
[www.imperial-hotel-copenhagen.com/typo3temp/stylesheet_8792a03111dd5b.css]
[www.imperial-hotel-copenhagen.com/fileadmin/2016/styles/font-awesome.minaea0.css]
[www.imperial-hotel-copenhagen.com/fileadmin/2016/styles/extra3a77a.css]
[www.imperial-hotel-copenhagen.com/fileadmin/af_current/main68ea.css]
[www.imperial-hotel-copenhagen.com/fileadmin/2016/styles/extra40f98.css]
[www.arp-hansen.dk/fileadmin/_images/Facebook/FB_IMP.jpg]
[www.imperial-hotel-copenhagen.com/fileadmin/templates/favicons/IMP/apple-touch-icon.png]
[www.imperial-hotel-copenhagen.com/fileadmin/templates/favicons/IMP/favicon-32x32.png]
[www.imperial-hotel-copenhagen.com/fileadmin/templates/favicons/IMP/favicon-16x16.png]
[www.imperial-hotel-copenhagen.com/fileadmin/templates/favicons/IMP/browserconfig.xml]
[www.imperial-hotel-copenhagen.com/fileadmin/templates/favicons/IMP/favicon.ico]
[backblue.gif]
[fade.gif]
[index.html]
[www.imperial-hotel-copenhagen.com/uploads/tx_templavoila/IMP_2560x1608.jpg]
[www.imperial-hotel-copenhagen.com/fileadmin/2016/images/Diverse/logo/imp.png]
[www.imperial-hotel-copenhagen.com/arpbe/web/en/ahhg.html]
[www.imperial-hotel-copenhagen.com/fileadmin/user_upload/Imperial-hotel_h88.png]
[www.imperial-hotel-copenhagen.com/typo3temp/_processed_/csm_720x469-Wallmans-Urban-Nights_01_3e69943755.jpg]
[www.imperial-hotel-copenhagen.com/the-hotel/index.html]
[www.imperial-hotel-copenhagen.com/the-hotel/gallery/index.html]
[www.imperial-hotel-copenhagen.com/the-hotel/gallery/restaurant/index.html]
[www.imperial-hotel-copenhagen.com/typo3temp/_processed_/csm_720x469-Imperial-Hotel-morgenmadsrestaurant-01_01_8754027beb.jpg]
[www.imperial-hotel-copenhagen.com/the-hotel/gallery/press-kit/index.html]
[www.imperial-hotel-copenhagen.com/fileadmin/2016/assets/images/footer/ahhg.png]
[www.imperial-hotel-copenhagen.com/the-hotel/facilities-and-services/index.html]
[www.imperial-hotel-copenhagen.com/uploads/tx_templavoila/pho_15.png]
[www.imperial-hotel-copenhagen.com/the-hotel/gallery/conference/index.html]
[www.imperial-hotel-copenhagen.com/uploads/tx_templavoila/nyh_13.png]
[www.imperial-hotel-copenhagen.com/the-hotel/gallery/rooms/index.html]
[www.imperial-hotel-copenhagen.com/uploads/tx_templavoila/imp_13.png]
[www.imperial-hotel-copenhagen.com/the-hotel/location/index.html]
[www.imperial-hotel-copenhagen.com/the-hotel/facilities-and-services/room-facilities/index.html]
[www.imperial-hotel-copenhagen.com/uploads/tx_templavoila/squ_13.png]
[www.imperial-hotel-copenhagen.com/the-hotel/facilities-and-services/mad-drikke/index.html]
[www.imperial-hotel-copenhagen.com/the-hotel/facilities-and-services/check-in-check-out/index.html]
[www.imperial-hotel-copenhagen.com/uploads/tx_templavoila/tiv_13.png]
[www.imperial-hotel-copenhagen.com/the-hotel/facilities-and-services/concierge/index.html]
[www.imperial-hotel-copenhagen.com/uploads/tx_templavoila/isl_13.png]
[www.imperial-hotel-copenhagen.com/the-hotel/facilities-and-services/parking/index.html]
[www.imperial-hotel-copenhagen.com/uploads/tx_templavoila/str_13.png]
[www.imperial-hotel-copenhagen.com/the-hotel/facilities-and-services/business-services/index.html]
[www.imperial-hotel-copenhagen.com/uploads/tx_templavoila/gen_13.png]
[www.imperial-hotel-copenhagen.com/the-hotel/facilities-and-services/fitness/index.html]
[www.imperial-hotel-copenhagen.com/the-hotel/facilities-and-services/family-and-pets/index.html]
[www.imperial-hotel-copenhagen.com/uploads/tx_templavoila/wakeup_13.png]
[www.imperial-hotel-copenhagen.com/the-hotel/vaerd-at-vide/index.html]
[www.imperial-hotel-copenhagen.com/the-hotel/we-are-part-of-arp-hansen-hotel-group/index.html]
[www.imperial-hotel-copenhagen.com/the-hotel/facilities-and-services/airluggage/index.html]
[www.imperial-hotel-copenhagen.com/uploads/tx_templavoila/steel-house-logo_01.png]
[www.imperial-hotel-copenhagen.com/the-hotel/facilities-and-services/tv-kanaler/index.html]
[www.imperial-hotel-copenhagen.com/uploads/tx_templavoila/Dagens_laveste_footer_UK_07.jpg]
[www.imperial-hotel-copenhagen.com/the-hotel/we-are-part-of-arp-hansen-hotel-group/environmental-policy/index.html]
[www.imperial-hotel-copenhagen.com/the-hotel/we-are-part-of-arp-hansen-hotel-group/personal-data-and-cookies-policy/index.html]
[www.imperial-hotel-copenhagen.com/the-hotel/gift-certificate/index.html]
[www.imperial-hotel-copenhagen.com/the-hotel/loyalty-programme/index.html]
[www.imperial-hotel-copenhagen.com/uploads/tx_templavoila/kort_footer_01.jpg]
[www.imperial-hotel-copenhagen.com/the-hotel/contact/index.html]
[www.imperial-hotel-copenhagen.com/fileadmin/2017/images/Imperial/720x469/1_Facade_og_lobby/720x469-Imperial-Hotel-Facade-1.jpg]
[www.imperial-hotel-copenhagen.com/the-hotel/contact/news-list/index.html]
[www.imperial-hotel-copenhagen.com/the-hotel/gift-certificate/how-to-redeem-your-gift-voucher/index.html]
[www.imperial-hotel-copenhagen.com/rooms/index.html]
[www.imperial-hotel-copenhagen.com/uploads/tx_templavoila/googleplus_32px_41.png]
[www.imperial-hotel-copenhagen.com/the-hotel/contact/lost-and-found/index.html]
[www.imperial-hotel-copenhagen.com/uploads/tx_templavoila/youtube_32px_41.png]
[www.imperial-hotel-copenhagen.com/rooms/standard/index.html]
[www.imperial-hotel-copenhagen.com/rooms/superior/index.html]
[www.imperial-hotel-copenhagen.com/uploads/tx_templavoila/kontrolrapport_17.jpg]
[www.imperial-hotel-copenhagen.com/rooms/executive/index.html]
[www.imperial-hotel-copenhagen.com/rooms/junior-suite/index.html]
[www.imperial-hotel-copenhagen.com/rooms/suite/index.html]
[www.imperial-hotel-copenhagen.com/rooms/family-rooms/index.html]
[www.imperial-hotel-copenhagen.com/rooms/family-rooms/3-persons/index.html]
[www.imperial-hotel-copenhagen.com/fileadmin/templates/hotelSites_ahhg/js/expand14a1.js]
[www.imperial-hotel-copenhagen.com/fileadmin/af_current/main68ea.js]
[www.imperial-hotel-copenhagen.com/fileadmin/2016/scripts/extramobile4e74.js]
[www.imperial-hotel-copenhagen.com/prices/index.html]
[www.imperial-hotel-copenhagen.com/rooms/family-rooms/4-persons/index.html]
[www.imperial-hotel-copenhagen.com/fileadmin/templates/hotelSites_ahhg/js/location_impca85.js]
[www.imperial-hotel-copenhagen.com/prices/lowest-rate-available/index.html]
[www.imperial-hotel-copenhagen.com/rooms/family-rooms/connecting-room/index.html]
[www.imperial-hotel-copenhagen.com/rooms/allergy-friendly-rooms/index.html]
[www.imperial-hotel-copenhagen.com/typo3temp/javascript_536d5cf5470627.js]
[www.imperial-hotel-copenhagen.com/index.html]
[www.imperial-hotel-copenhagen.com/prices/specials-offers/index.html]
[www.imperial-hotel-copenhagen.com/prices/specials-offers/mini-break/index.html]
[www.imperial-hotel-copenhagen.com/prices/lowest-rate-available/conditions/index.html]
[www.imperial-hotel-copenhagen.com/typo3temp/stylesheet_8792a03111dd5b.css]
[www.imperial-hotel-copenhagen.com/prices/specials-offers/romance-for-2/index.html]
[www.imperial-hotel-copenhagen.com/prices/specials-offers/tivoli/a-day-in-tivoli/index.html]
[www.imperial-hotel-copenhagen.com/prices/specials-offers/tivoli/hotel-and-tivoli-all-inclusive-package/index.html]
[www.imperial-hotel-copenhagen.com/prices/specials-offers/tivoli/halloween-in-tivoli/index.html]
[www.imperial-hotel-copenhagen.com/prices/specials-offers/tivoli/christmas-in-tivoli/index.html]
[www.imperial-hotel-copenhagen.com/prices/specials-offers/tivoli/friday-night-rock-package/index.html]
[www.imperial-hotel-copenhagen.com/prices/price-guarantee/index.html]
[www.imperial-hotel-copenhagen.com/fileadmin/2016/fonts/fontawesome-webfonte0a5.eot]
[www.imperial-hotel-copenhagen.com/meetings-conference/index.html]
[www.imperial-hotel-copenhagen.com/prices/specials-offers/new-year-offer/index.html]
[www.imperial-hotel-copenhagen.com/fileadmin/2016/fonts/fontawesome-webfontd41d.eot]
[www.imperial-hotel-copenhagen.com/meetings-conference/meeting-packages/index.html]
[www.imperial-hotel-copenhagen.com/fileadmin/2016/fonts/fontawesome-webfonte0a5.woff2]
[www.imperial-hotel-copenhagen.com/prices/specials-offers/wallmans/index.html]
[www.imperial-hotel-copenhagen.com/meetings-conference/tailored-meetings/index.html]
[www.imperial-hotel-copenhagen.com/prices/price-guarantee/terms-and-conditions/index.html]
[www.imperial-hotel-copenhagen.com/fileadmin/2016/fonts/fontawesome-webfonte0a5.woff]
[www.imperial-hotel-copenhagen.com/restaurant-in-copenhagen/ristorante-lappetito/index.html]
[www.imperial-hotel-copenhagen.com/experience-copenhagen/index.html]
[www.imperial-hotel-copenhagen.com/meetings-conference/meeting-capacity/index.html]
[www.imperial-hotel-copenhagen.com/experience-copenhagen/vacation-in-copenhagen/index.html]
[www.imperial-hotel-copenhagen.com/fileadmin/2016/fonts/fontawesome-webfonte0a5.ttf]
[www.imperial-hotel-copenhagen.com/meetings-conference/contact/index.html]
[www.imperial-hotel-copenhagen.com/fileadmin/2016/fonts/fontawesome-webfonte0a5.svg]
[www.imperial-hotel-copenhagen.com/fileadmin/2016/styles/font-awesome.minaea0.css]
[www.imperial-hotel-copenhagen.com/fileadmin/af_current/f4769f9bdb7466be65088239c12046d1.eot]
[www.imperial-hotel-copenhagen.com/fileadmin/af_current/fa2772327f55d8198301fdb8bcfc8158.woff]
[www.imperial-hotel-copenhagen.com/experience-copenhagen/hotel-in-copenhagen/index.html]
[www.imperial-hotel-copenhagen.com/fileadmin/af_current/e18bbf611f2a2e43afc071aa2f4e1512.ttf]
[www.imperial-hotel-copenhagen.com/terms-and-conditions/index.html]
[www.imperial-hotel-copenhagen.com/fileadmin/af_current/32400f4e08932a94d8bfd2422702c446.eot]
[www.imperial-hotel-copenhagen.com/fileadmin/af_current/a35720c2fed2c7f043bc7e4ffb45e073.woff]
[www.imperial-hotel-copenhagen.com/fileadmin/af_current/a3de2170e4e9df77161ea5d3f31b2668.ttf]
[www.imperial-hotel-copenhagen.com/fileadmin/af_current/main68ea.css]
[www.imperial-hotel-copenhagen.com/fileadmin/2016/images/Classification/4-Garni-hvid.png]
[www.imperial-hotel-copenhagen.com/fileadmin/2016/images/Classification/4-Garni.png]
[www.imperial-hotel-copenhagen.com/fileadmin/2016/images/Classification/4-superior-hvid.png]
[www.imperial-hotel-copenhagen.com/fileadmin/2016/images/Classification/4-superior.png]
[www.imperial-hotel-copenhagen.com/fileadmin/2016/images/Classification/4-sjerner-hvid.png]
[www.imperial-hotel-copenhagen.com/fileadmin/2016/images/Classification/4-sjerner.png]
[www.imperial-hotel-copenhagen.com/fileadmin/2016/images/Classification/3-Garni-superior-hvid.png]
[www.imperial-hotel-copenhagen.com/fileadmin/2016/images/Classification/3-Garni-superior.png]
[www.imperial-hotel-copenhagen.com/fileadmin/2016/images/Classification/3-stjerne-hvid.png]
[www.imperial-hotel-copenhagen.com/fileadmin/2016/images/Classification/3-stjerne.png]
[www.imperial-hotel-copenhagen.com/fileadmin/2016/images/Classification/2-garni-superior-hvid.png]
[www.imperial-hotel-copenhagen.com/fileadmin/2016/images/Classification/2-garni-superior.png]
[www.imperial-hotel-copenhagen.com/fileadmin/2016/styles/extra3a77a.css]
[www.imperial-hotel-copenhagen.com/fileadmin/2016/styles/extra40f98.css]
[www.imperial-hotel-copenhagen.com/fileadmin/templates/favicons/IMP/site.html]
[www.imperial-hotel-copenhagen.com/fileadmin/templates/favicons/IMP/safari-pinned-tab.svg]
[www.googletagmanager.com/gtm5445.html]
[www.imperial-hotel-copenhagen.com/typo3temp/stylesheet_f3d1a850ab7ce4.css]
[www.imperial-hotel-copenhagen.com/fileadmin/templates/hotelSites_ahhg/css/css_imperial/subpage_styles.css]
[www.imperial-hotel-copenhagen.com/uploads/tx_templavoila/Facade_IMP_05.jpg]
[www.imperial-hotel-copenhagen.com/arpbe/web/en/ahhg.html]
[www.imperial-hotel-copenhagen.com/online-reservation-arpbe/index.html]
[apis.google.com/js/plusone.js]
[connect.facebook.net/en_EN/all.js]
[assets.pinterest.com/images/PinExt.png]
[assets.pinterest.com/js/pinit.js]
[www.tripadvisor.dk/img/cdsi/img2/branding/150_logo-11900-2.png]
[www.imperial-hotel-copenhagen.com/fileadmin/2017/images/Diverse/720x469/720x469-prisgaranti-uk.jpg]
[www.tripadvisor.com/img/cdsi/partner/tripadvisor_logo_115x18-15079-2.gif]
[www.imperial-hotel-copenhagen.com/the-hotel/index.html]
[www.imperial-hotel-copenhagen.com/fileadmin/templates/hotelSites_ahhg/js/gallery1940.js]
[www.imperial-hotel-copenhagen.com/uploads/tx_templavoila/720x469-Imperial-Hotel-Facade-1_01.jpg]
[www.imperial-hotel-copenhagen.com/uploads/tx_templavoila/720x469-imperial-hotel-facade-2_01.jpg]
[www.imperial-hotel-copenhagen.com/uploads/tx_templavoila/720x469-2018-09-Imperial-Hotel-facade-3_01.jpg]
[www.imperial-hotel-copenhagen.com/uploads/tx_templavoila/720x469-2018-09-Imperial-Hotel-lobby-1.jpg]
[www.imperial-hotel-copenhagen.com/uploads/tx_templavoila/720x469-imperial-hotel-lobby-2_01.jpg]
[www.imperial-hotel-copenhagen.com/uploads/tx_templavoila/720x469-imperial-hotel-lobby-3_01.jpg]
[www.imperial-hotel-copenhagen.com/uploads/tx_templavoila/720x469-2018-09-Imperial-Hotel-lobby-2.jpg]
[www.imperial-hotel-copenhagen.com/uploads/tx_templavoila/720x469-imperial-hotel-business-center-2_01.jpg]
[www.imperial-hotel-copenhagen.com/uploads/tx_templavoila/720x469-imperial-hotel-business-center-1_01.jpg]
[www.imperial-hotel-copenhagen.com/uploads/tx_templavoila/720x469-imperial-hotel-diverse-fitness-1.jpg]
[www.imperial-hotel-copenhagen.com/uploads/tx_templavoila/720x469-imperial-hotel-diverse-fitness-2.jpg]
[www.imperial-hotel-copenhagen.com/the-hotel/gallery/index.html]
[www.imperial-hotel-copenhagen.com/uploads/tx_templavoila/720x469-imperial-hotel-rooms-standard-double-5_01.jpg]
[www.imperial-hotel-copenhagen.com/uploads/tx_templavoila/720x469-imperial-hotel-rooms-standard-double-2.jpg]
[www.imperial-hotel-copenhagen.com/uploads/tx_templavoila/720x469-imperial-hotel-rooms-superior-double-2.jpg]
[www.imperial-hotel-copenhagen.com/uploads/tx_templavoila/720x469-imperial-hotel-rooms-executive-double-5_01.jpg]
[www.imperial-hotel-copenhagen.com/uploads/tx_templavoila/720x469-imperial-hotel-rooms-junior-suite-1_01.jpg]
[www.imperial-hotel-copenhagen.com/uploads/tx_templavoila/720x469-imperial-hotel-rooms-junior-suite-2.jpg]
[www.imperial-hotel-copenhagen.com/uploads/tx_templavoila/Room_suites_IMP_suite.jpg]
[www.imperial-hotel-copenhagen.com/uploads/tx_templavoila/Rooms_IMP_05_IMP_Superior_double.jpg]
[www.imperial-hotel-copenhagen.com/uploads/tx_templavoila/720x469-imperial-hotel-rooms-superior-double-bad-2.jpg]
[www.imperial-hotel-copenhagen.com/uploads/tx_templavoila/720x469-imperial-hotel-junior-suite-bad-1.jpg]
[www.imperial-hotel-copenhagen.com/the-hotel/gallery/rooms/index.html]
[www.imperial-hotel-copenhagen.com/uploads/tx_templavoila/720x469-imperial-hotel-konference-raadhuspladsen-1_01.jpg]
[www.imperial-hotel-copenhagen.com/uploads/tx_templavoila/720x469-imperial-hotel-konference-kongens-nytorv-1.jpg]
[www.imperial-hotel-copenhagen.com/uploads/tx_templavoila/Konference_Amagertorv.jpg]
[www.imperial-hotel-copenhagen.com/uploads/tx_templavoila/720x469-imperial-hotel-konference-connecting-1_01.jpg]
[www.imperial-hotel-copenhagen.com/uploads/tx_templavoila/720x469-imperial-hotel-konference-axeltorv-1_01.jpg]
[www.imperial-hotel-copenhagen.com/uploads/tx_templavoila/720x469-imperial-hotel-konference-kultorvet-2_01.jpg]
[www.imperial-hotel-copenhagen.com/uploads/tx_templavoila/720x469-imperial-hotel-konference-gammeltorv-1_01.jpg]
[www.imperial-hotel-copenhagen.com/the-hotel/gallery/conference/index.html]
[www.imperial-hotel-copenhagen.com/uploads/tx_templavoila/720x469-2018-09-Imperial-Hotel-bar-1.jpg]
[www.imperial-hotel-copenhagen.com/uploads/tx_templavoila/720x469-2018-09-Imperial-Hotel-L-Appetitio-1.jpg]
[www.imperial-hotel-copenhagen.com/uploads/tx_templavoila/720x469-2018-09-Imperial-Hotel-morgenmadsrestaurant-1.jpg]
[www.imperial-hotel-copenhagen.com/uploads/tx_templavoila/720x469-2018-09-Imperial-Hotel-morgenmadsrestaurant-2.jpg]
[www.imperial-hotel-copenhagen.com/uploads/tx_templavoila/720x469-2018-09-Imperial-Hotel-morgenmadsrestaurant-3.jpg]
[www.imperial-hotel-copenhagen.com/uploads/tx_templavoila/720x469-imperial-hotel-morgenmad-1.jpg]
[www.imperial-hotel-copenhagen.com/uploads/tx_templavoila/720x469-imperial-hotel-morgenmad-10.jpg]
[www.imperial-hotel-copenhagen.com/uploads/tx_templavoila/720x469-imperial-hotel-morgenmad-9.jpg]
[www.imperial-hotel-copenhagen.com/uploads/tx_templavoila/720x469-imperial-hotel-morgenmad-5.jpg]
[www.imperial-hotel-copenhagen.com/uploads/tx_templavoila/720x469-imperial-hotel-morgenmad-6.jpg]
[www.imperial-hotel-copenhagen.com/uploads/tx_templavoila/720x469-imperial-hotel-morgenmad-7.jpg]
[www.imperial-hotel-copenhagen.com/uploads/tx_templavoila/720x469-imperial-hotel-morgenmad-8.jpg]
[www.imperial-hotel-copenhagen.com/the-hotel/gallery/restaurant/index.html]
[www.imperial-hotel-copenhagen.com/fileadmin/presskit/Imperial/Hotel Imperial_02.zip]
[www.imperial-hotel-copenhagen.com/fileadmin/2017/images/Imperial/720x469/1_Facade_og_lobby/720x469-2018-09-Imperial-Hotel-lobby-1.jpg]
[www.imperial-hotel-copenhagen.com/fileadmin/presskit/Imperial/IMP-lobby-01.zip]
[www.imperial-hotel-copenhagen.com/fileadmin/2017/images/Imperial/720x469/2_Rooms/720x469-imperial-hotel-rooms-superior-double-4.jpg]
[www.imperial-hotel-copenhagen.com/fileadmin/presskit/Imperial/IMP_Superior_Double.zip]
[www.imperial-hotel-copenhagen.com/fileadmin/2017/images/Imperial/720x469/4_Restaurant/720x469-imperial-hotel-restaurant-appetito-1.jpg]
[www.imperial-hotel-copenhagen.com/fileadmin/presskit/Imperial/L_Appetito.zip]
[www.imperial-hotel-copenhagen.com/fileadmin/2017/images/Imperial/720x469/720x469-Imperial.jpg]
[www.imperial-hotel-copenhagen.com/fileadmin/2017/PDF/Imperial/Imperial_hvid_brochure_26102017.pdf]
[www.imperial-hotel-copenhagen.com/fileadmin/2017/images/Diverse/720x469/720x469-Arp-Hansen-Hotel-Group-logo.jpg]
[www.imperial-hotel-copenhagen.com/the-hotel/gallery/press-kit/index.html]
[www.imperial-hotel-copenhagen.com/fileadmin/templates/hotelSites_ahhg/js/location_imp.js]
[www.imperial-hotel-copenhagen.com/uploads/tx_templavoila/720x469-diverse-transport_09.jpg]
[www.imperial-hotel-copenhagen.com/the-hotel/location/transportation/index.html]
[www.imperial-hotel-copenhagen.com/uploads/tx_templavoila/720x469-diverse-parking_09.jpg]
[www.imperial-hotel-copenhagen.com/the-hotel/location/index.html]
[www.imperial-hotel-copenhagen.com/fileadmin/user_upload/720x350-Imperial-Hotel-lobby.jpg]
[www.imperial-hotel-copenhagen.com/uploads/tx_templavoila/720x350-Imperil-Hotel-breakfast_02.jpg]
[www.imperial-hotel-copenhagen.com/uploads/tx_templavoila/imp_concierge_01.jpg]
[www.imperial-hotel-copenhagen.com/uploads/tx_templavoila/720x469-Imperil-Hotel-TV-channels_01.jpg]
[www.imperial-hotel-copenhagen.com/uploads/tx_templavoila/720x469-Imperial-Hotel-check-in_01.jpg]
[www.imperial-hotel-copenhagen.com/uploads/tx_templavoila/720x469-Imperial-Hotel-Fitness_01.jpg]
[www.imperial-hotel-copenhagen.com/fileadmin/2017/PDF/Arp-Hansen/AHHG_faelles_brochure_26102017.pdf]
[www.imperial-hotel-copenhagen.com/uploads/tx_templavoila/720x469-Imperial-Hotel-Business-service_01.jpg]
[www.imperial-hotel-copenhagen.com/uploads/tx_templavoila/720x469-2018-71-Nyhavn-Executive-Double-opredning_05.jpg]
[www.imperial-hotel-copenhagen.com/the-hotel/facilities-and-services/index.html]
[www.imperial-hotel-copenhagen.com/the-hotel/facilities-and-services/check-in-check-out/index.html]
[www.imperial-hotel-copenhagen.com/uploads/tx_templavoila/IMP_Superior_Single_stemning.jpg]
[www.imperial-hotel-copenhagen.com/uploads/tx_templavoila/720x469-imperial-hotel-rooms-standard-double-5_08.jpg]
[www.imperial-hotel-copenhagen.com/uploads/tx_templavoila/720x469-imperial-hotel-rooms-executive-double-5_27.jpg]
[www.imperial-hotel-copenhagen.com/uploads/tx_templavoila/Room_suites_IMP_suite_25.jpg]
[www.imperial-hotel-copenhagen.com/uploads/tx_templavoila/720x469-imperial-hotel-rooms-standard-double-5_04.jpg]
[www.imperial-hotel-copenhagen.com/uploads/tx_templavoila/720x469-imperial-hotel-rooms-superior-double-4_01.jpg]
[www.imperial-hotel-copenhagen.com/uploads/tx_templavoila/720x469-imperial-hotel-rooms-junior-suite-1_05.jpg]
[www.imperial-hotel-copenhagen.com/uploads/tx_templavoila/Rooms_IMP_05_IMP_Superior_double_30.jpg]
[www.imperial-hotel-copenhagen.com/uploads/tx_templavoila/720x469-imperial-hotel-rooms-junior-suite-1_09.jpg]
[www.imperial-hotel-copenhagen.com/uploads/tx_templavoila/720x350-Phoenix-Copenhagen-Connecting-room_01.jpg]
[www.imperial-hotel-copenhagen.com/the-hotel/facilities-and-services/room-facilities/index.html]
[www.imperial-hotel-copenhagen.com/fileadmin/2017/images/Imperial/720x469/6_Diverse/720x469-Imperial-Hotel-parking-map.jpg]
[www.imperial-hotel-copenhagen.com/uploads/tx_templavoila/720x469_Tivoli_all_inkl_09.jpg]
[www.imperial-hotel-copenhagen.com/the-hotel/facilities-and-services/parking/index.html]
[www.imperial-hotel-copenhagen.com/the-hotel/facilities-and-services/mad-drikke/index.html]
[www.imperial-hotel-copenhagen.com/the-hotel/facilities-and-services/business-services/index.html]
[www.imperial-hotel-copenhagen.com/the-hotel/facilities-and-services/concierge/index.html]
[www.imperial-hotel-copenhagen.com/uploads/tx_templavoila/fitness-koebenhavn_02.jpg]
[www.imperial-hotel-copenhagen.com/the-hotel/facilities-and-services/fitness/index.html]
[www.imperial-hotel-copenhagen.com/uploads/tx_templavoila/hund_09.jpg]
[www.imperial-hotel-copenhagen.com/the-hotel/facilities-and-services/family-and-pets/index.html]
[www.imperial-hotel-copenhagen.com/the-hotel/facilities-and-services/airluggage/index.html]
[www.imperial-hotel-copenhagen.com/the-hotel/facilities-and-services/tv-kanaler/index.html]
[www.imperial-hotel-copenhagen.com/the-hotel/vaerd-at-vide/index.html]
[www.imperial-hotel-copenhagen.com/the-hotel/we-are-part-of-arp-hansen-hotel-group/index.html]
[www.imperial-hotel-copenhagen.com/uploads/tx_templavoila/personalepoletik.jpg]
[www.imperial-hotel-copenhagen.com/the-hotel/we-are-part-of-arp-hansen-hotel-group/personal-data-and-cookies-policy/index.html]
[www.imperial-hotel-copenhagen.com/uploads/tx_templavoila/Miljoe_03.jpg]
[www.imperial-hotel-copenhagen.com/fileadmin/2016/images/Diverse/878x572/greenkey.jpg]
[www.imperial-hotel-copenhagen.com/the-hotel/we-are-part-of-arp-hansen-hotel-group/environmental-policy/index.html]
[www.imperial-hotel-copenhagen.com/fileadmin/2017/images/Diverse/720x469/720x469-gavekort.jpg]
[www.imperial-hotel-copenhagen.com/fileadmin/templates/images/dash_normalcol_med.gif]
[www.imperial-hotel-copenhagen.com/the-hotel/gift-certificate/index.html]
[www.imperial-hotel-copenhagen.com/the-hotel/gift-certificate/how-to-redeem-your-gift-voucher/index.html]
[www.imperial-hotel-copenhagen.com/the-hotel/loyalty-programme/index.html]
[www.imperial-hotel-copenhagen.com/fileadmin/2016/images/Imperial/878x572/Aktuelle/6 Diverse/IMP_Logo.jpg]
[www.imperial-hotel-copenhagen.com/the-hotel/contact/index.html]
[www.imperial-hotel-copenhagen.com/the-hotel/contact/lost-and-found/index.html]
[www.imperial-hotel-copenhagen.com/typo3temp/_processed_/csm_720x469-Wallmans-Urban-Nights_01_7d50556dee.jpg]
[www.imperial-hotel-copenhagen.com/typo3temp/_processed_/csm_720x469-Imperial-Hotel-morgenmadsrestaurant-01_01_641c2ea7b0.jpg]
[www.imperial-hotel-copenhagen.com/the-hotel/contact/news-list/index.html]
[www.imperial-hotel-copenhagen.com/uploads/tx_templavoila/IMP_Standard_Double_07.jpg]
[www.imperial-hotel-copenhagen.com/uploads/tx_templavoila/IMP_Standard_Double_10.jpg]
[www.imperial-hotel-copenhagen.com/uploads/tx_templavoila/IMP_Standard_Double_13.jpg]
[www.imperial-hotel-copenhagen.com/uploads/tx_templavoila/IMP_Standard_Double_16.jpg]
[www.imperial-hotel-copenhagen.com/uploads/tx_templavoila/IMP_Standard_Double_19.jpg]
[www.imperial-hotel-copenhagen.com/uploads/tx_templavoila/IMP_Standard_Double_22.jpg]
[www.imperial-hotel-copenhagen.com/uploads/tx_templavoila/IMP_Superior_Double_Bad_05.jpg]
[www.imperial-hotel-copenhagen.com/fileadmin/2016/images/boximage_large_transperant.png]
[www.imperial-hotel-copenhagen.com/uploads/tx_templavoila/IMP_Superior_Double_04.jpg]
[www.imperial-hotel-copenhagen.com/uploads/tx_templavoila/IMP_Superior_Double_07.jpg]
[www.imperial-hotel-copenhagen.com/uploads/tx_templavoila/IMP_Superior_Double_08.jpg]
[www.imperial-hotel-copenhagen.com/uploads/tx_templavoila/IMP_Superior_Double_11.jpg]
[www.imperial-hotel-copenhagen.com/uploads/tx_templavoila/IMP_Superior_Double_14.jpg]
[www.imperial-hotel-copenhagen.com/uploads/tx_templavoila/IMP_Superior_Double_Bad_08.jpg]
[www.imperial-hotel-copenhagen.com/uploads/tx_templavoila/IMP_Superior_Single_02.jpg]
[www.imperial-hotel-copenhagen.com/uploads/tx_templavoila/IMP_Executive_Double_01.jpg]
[www.imperial-hotel-copenhagen.com/typo3temp/_processed_/csm_IMP_Executive_Double_10_f52d50ef64.jpg]
[www.imperial-hotel-copenhagen.com/uploads/tx_templavoila/Rooms_IMP_07_IMP_Executive_02_6_sal_01.jpg]
[www.imperial-hotel-copenhagen.com/typo3temp/_processed_/csm_IMP_Executive_Double_13_2e7243b404.jpg]
[www.imperial-hotel-copenhagen.com/typo3temp/_processed_/csm_IMP_Executive_Double_16_fe02e4ad88.jpg]
[www.imperial-hotel-copenhagen.com/uploads/tx_templavoila/Rooms_IMP_07_IMP_Executive_6_sal_01.jpg]
[www.imperial-hotel-copenhagen.com/uploads/tx_templavoila/Rooms_IMP_07_IMP_Executive_01_6_sal_01.jpg]
[www.imperial-hotel-copenhagen.com/uploads/tx_templavoila/IMP_Superior_Double_Bad_11.jpg]
[www.imperial-hotel-copenhagen.com/uploads/tx_templavoila/IMP_Junior_Suite_06.jpg]
[www.imperial-hotel-copenhagen.com/uploads/tx_templavoila/IMP_Junior_Suite_11.jpg]
[www.imperial-hotel-copenhagen.com/uploads/tx_templavoila/IMP_Junior_Suite_15.jpg]
[www.imperial-hotel-copenhagen.com/uploads/tx_templavoila/IMP_Junior_Suite_18.jpg]
[www.imperial-hotel-copenhagen.com/uploads/tx_templavoila/Junior-Suite-bad_03.jpg]
[www.imperial-hotel-copenhagen.com/uploads/tx_templavoila/Room_suites_IMP_suite_04.jpg]
[www.imperial-hotel-copenhagen.com/uploads/tx_templavoila/Room_suites_IMP_suite_13.jpg]
[www.imperial-hotel-copenhagen.com/uploads/tx_templavoila/Room_suites_IMP_suite2_01.jpg]
[www.imperial-hotel-copenhagen.com/uploads/tx_templavoila/Rooms_IMP_05_IMP_Superior_double_02.jpg]
[www.imperial-hotel-copenhagen.com/fileadmin/2016/images/Imperial/878x572/Aktuelle/2 Rooms/Rooms_IMP_05_IMP_Superior double.jpg]
[www.imperial-hotel-copenhagen.com/uploads/tx_templavoila/IMP_Standard_Double_50.jpg]
[www.imperial-hotel-copenhagen.com/uploads/tx_templavoila/IMP_Standard_Double_26.jpg]
[www.imperial-hotel-copenhagen.com/uploads/tx_templavoila/IMP_Standard_Double_34.jpg]
[www.imperial-hotel-copenhagen.com/uploads/tx_templavoila/IMP_Standard_Double_38.jpg]
[www.imperial-hotel-copenhagen.com/uploads/tx_templavoila/IMP_Standard_Double_42.jpg]
[www.imperial-hotel-copenhagen.com/uploads/tx_templavoila/IMP_Standard_Double_ekstra_seng_05.jpg]
[www.imperial-hotel-copenhagen.com/rooms/index.html]
[www.imperial-hotel-copenhagen.com/rooms/standard/index.html]
[www.imperial-hotel-copenhagen.com/rooms/superior/index.html]
[www.imperial-hotel-copenhagen.com/rooms/executive/index.html]
[www.imperial-hotel-copenhagen.com/rooms/junior-suite/index.html]
[www.imperial-hotel-copenhagen.com/rooms/suite/index.html]
[www.imperial-hotel-copenhagen.com/rooms/family-rooms/index.html]
[www.imperial-hotel-copenhagen.com/rooms/family-rooms/3-persons/index.html]
[www.imperial-hotel-copenhagen.com/rooms/family-rooms/4-persons/index.html]
[www.imperial-hotel-copenhagen.com/rooms/family-rooms/connecting-room/index.html]
[www.imperial-hotel-copenhagen.com/rooms/allergy-friendly-rooms/index.html]
[www.imperial-hotel-copenhagen.com/prices/index.html]
[www.imperial-hotel-copenhagen.com/prices/lowest-rate-available/index.html]
[www.imperial-hotel-copenhagen.com/prices/lowest-rate-available/conditions/index.html]
[www.imperial-hotel-copenhagen.com/prices/specials-offers/index.html]
[www.imperial-hotel-copenhagen.com/prices/specials-offers/mini-break/index.html]
[www.imperial-hotel-copenhagen.com/prices/specials-offers/romance-for-2/index.html]
[www.imperial-hotel-copenhagen.com/prices/specials-offers/tivoli/a-day-in-tivoli/index.html]
[www.imperial-hotel-copenhagen.com/prices/specials-offers/tivoli/hotel-and-tivoli-all-inclusive-package/index.html]
[www.imperial-hotel-copenhagen.com/prices/specials-offers/tivoli/halloween-in-tivoli/index.html]
[www.imperial-hotel-copenhagen.com/prices/specials-offers/tivoli/christmas-in-tivoli/index.html]
[www.imperial-hotel-copenhagen.com/prices/specials-offers/tivoli/friday-night-rock-package/index.html]
[www.imperial-hotel-copenhagen.com/prices/specials-offers/new-year-offer/index.html]
[www.imperial-hotel-copenhagen.com/prices/specials-offers/wallmans/index.html]
[www.imperial-hotel-copenhagen.com/prices/price-guarantee/index.html]
[www.imperial-hotel-copenhagen.com/prices/price-guarantee/terms-and-conditions/index.html]
[www.imperial-hotel-copenhagen.com/meetings-conference/index.html]
[www.imperial-hotel-copenhagen.com/meetings-conference/meeting-capacity/index.html]
[www.imperial-hotel-copenhagen.com/meetings-conference/meeting-packages/index.html]
[www.imperial-hotel-copenhagen.com/meetings-conference/tailored-meetings/index.html]
[www.imperial-hotel-copenhagen.com/meetings-conference/contact/index.html]
[www.imperial-hotel-copenhagen.com/restaurant-in-copenhagen/ristorante-lappetito/index.html]
[www.imperial-hotel-copenhagen.com/experience-copenhagen/index.html]
[www.imperial-hotel-copenhagen.com/experience-copenhagen/vacation-in-copenhagen/index.html]
[www.imperial-hotel-copenhagen.com/experience-copenhagen/hotel-in-copenhagen/index.html]
[www.imperial-hotel-copenhagen.com/terms-and-conditions/index.html]
[www.imperial-hotel-copenhagen.com/typo3/gfx/ol/line.html]
[www.imperial-hotel-copenhagen.com/fileadmin/2016/fonts/fontawesome-webfonte0a5.html]
[www.imperial-hotel-copenhagen.com/fileadmin/2016/fonts/fontawesome-webfontd41d.html]
[www.imperial-hotel-copenhagen.com/fileadmin/2016/fonts/fontawesome-webfonte0a5-2.html]
[www.imperial-hotel-copenhagen.com/fileadmin/2016/fonts/fontawesome-webfonte0a5-3.html]
[www.imperial-hotel-copenhagen.com/fileadmin/2016/fonts/fontawesome-webfonte0a5-4.html]
[www.imperial-hotel-copenhagen.com/fileadmin/2016/fonts/fontawesome-webfonte0a5-5.html]
[www.imperial-hotel-copenhagen.com/fileadmin/af_current/448c34a56d699c29117adc64c43affeb.html]
[www.imperial-hotel-copenhagen.com/fileadmin/af_current/89889688147bd7575d6327160d64e760.svg]
[www.imperial-hotel-copenhagen.com/fileadmin/af_current/db812d8a70a4e88e888744c1c9a27e89.html]
[www.imperial-hotel-copenhagen.com/fileadmin/af_current/f775f9cca88e21d45bebe185b27c0e5b.svg]
[www.imperial-hotel-copenhagen.com/typo3temp/stylesheet_f3d1a850ab7ce4.css]
[www.imperial-hotel-copenhagen.com/fileadmin/templates/hotelSites_ahhg/css/css_imperial/subpage_styles.css]
[www.imperial-hotel-copenhagen.com/online-reservation-arpbe/index.html]
[connect.facebook.net/en_EN/all.js]
[www.imperial-hotel-copenhagen.com/the-hotel/location/transportation/index.html]
[www.imperial-hotel-copenhagen.com/prices/bonus-points/index.html]
[www.imperial-hotel-copenhagen.com/typo3/sysext/frontend/Resources/Public/JavaScript/jsfunc.validateform2351.html]
[www.imperial-hotel-copenhagen.com/uploads/tx_templavoila/IMP_Standard_Double_38.jpg]
[www.imperial-hotel-copenhagen.com/uploads/tx_templavoila/IMP_Standard_Double_ekstra_seng_05.jpg]
[www.imperial-hotel-copenhagen.com/uploads/tx_templavoila/IMP_Superior_Double_Bad_15.jpg]
[www.imperial-hotel-copenhagen.com/uploads/tx_templavoila/IMP_Junior_Suite_37.jpg]
[www.imperial-hotel-copenhagen.com/uploads/tx_templavoila/IMP_Junior_Suite_22.jpg]
[www.imperial-hotel-copenhagen.com/uploads/tx_templavoila/IMP_Junior_Suite_26.jpg]
[www.imperial-hotel-copenhagen.com/uploads/tx_templavoila/IMP_Junior_Suite_30.jpg]
[www.imperial-hotel-copenhagen.com/uploads/tx_templavoila/IMP_Junior_Suite_opredning_07.jpg]
[www.imperial-hotel-copenhagen.com/uploads/tx_templavoila/Junior-Suite-bad_07.jpg]
[www.imperial-hotel-copenhagen.com/uploads/tx_templavoila/IMP_Superior_Double_35.jpg]
[www.imperial-hotel-copenhagen.com/uploads/tx_templavoila/Imp_connecting_rooms_01_878x572.jpg]
[www.imperial-hotel-copenhagen.com/uploads/tx_templavoila/Imp_connecting_rooms_02_878x572.jpg]
[www.imperial-hotel-copenhagen.com/uploads/tx_templavoila/imp_bad_878x572.jpg]
[www.imperial-hotel-copenhagen.com/uploads/tx_templavoila/Imp_connecting_rooms_04_878x572.jpg]
[www.imperial-hotel-copenhagen.com/uploads/tx_templavoila/Imp_connecting_rooms_05_878x572.jpg]
[www.imperial-hotel-copenhagen.com/uploads/tx_templavoila/IMP_Standard_Double_01.jpg]
[www.imperial-hotel-copenhagen.com/uploads/tx_templavoila/IMP_Superior_Double.jpg]
[www.imperial-hotel-copenhagen.com/uploads/tx_templavoila/IMP_Executive_Double_04.jpg]
[www.imperial-hotel-copenhagen.com/uploads/tx_templavoila/IMP_Junior_Suite_02.jpg]
[www.imperial-hotel-copenhagen.com/uploads/tx_templavoila/Room_suites_IMP_suite_03.jpg]
[www.imperial-hotel-copenhagen.com/fileadmin/2016/images/Imperial/878x572/Aktuelle/2 Rooms/IMP_Standard_Double_ekstra_seng.jpg]
[www.imperial-hotel-copenhagen.com/fileadmin/2016/images/Imperial/878x572/Aktuelle/2 Rooms/IMP_Junior_Suite_opredning.jpg]
[www.imperial-hotel-copenhagen.com/fileadmin/2016/images/Imperial/878x572/Aktuelle/2 Rooms/IMP_Superior_Double_04.jpg]
[www.imperial-hotel-copenhagen.com/uploads/tx_templavoila/Rooms_IMP_05_IMP_Superior_double_04.jpg]
[www.imperial-hotel-copenhagen.com/uploads/tx_templavoila/IMP_Standard_Double_09.jpg]
[www.imperial-hotel-copenhagen.com/uploads/tx_templavoila/720x350-bed-close-up_01.jpg]
[www.imperial-hotel-copenhagen.com/uploads/tx_templavoila/720x350-Tivoli-Copenhagen-1_05.jpg]
[www.imperial-hotel-copenhagen.com/uploads/tx_templavoila/720x350-bed-close-up_06.jpg]
[www.imperial-hotel-copenhagen.com/uploads/tx_templavoila/720x469-Rosenblade-roede-hvide-hjerter_01.jpg]
[www.imperial-hotel-copenhagen.com/uploads/tx_templavoila/720x469-Tivoli-ballongynen_31.jpg]
[www.imperial-hotel-copenhagen.com/uploads/tx_templavoila/arp_tilbud.jpg]
[www.imperial-hotel-copenhagen.com/uploads/tx_templavoila/Lifestyle_par_aeldre_1_06.jpg]
[www.imperial-hotel-copenhagen.com/uploads/tx_templavoila/Lifestyle_familie_1_17.jpg]
[www.imperial-hotel-copenhagen.com/uploads/tx_templavoila/720x469-Arp-Hansen-Hotel-Group-Nytaar_18.jpg]
[www.imperial-hotel-copenhagen.com/uploads/tx_templavoila/720x350-Wallmans-Urban-Nights-UK_11.jpg]
[www.imperial-hotel-copenhagen.com/uploads/tx_templavoila/720x469-Halloween-i-Tivoli-2_13.jpg]
[www.imperial-hotel-copenhagen.com/uploads/tx_templavoila/720x469-Jul-i-Tivoli-1_06.jpg]
[www.imperial-hotel-copenhagen.com/uploads/tx_templavoila/720x469_Tivoli_all_inkl_21.jpg]
[www.imperial-hotel-copenhagen.com/uploads/tx_templavoila/720x469-Tivoli-vinter_09.jpg]
[www.imperial-hotel-copenhagen.com/prices/specials-offers/tivoli/vinter-i-tivoli/index.html]
[www.imperial-hotel-copenhagen.com/uploads/tx_templavoila/720x469-Fredagsrock-i-Tivoli-2_13.jpg]
[www.imperial-hotel-copenhagen.com/uploads/tx_templavoila/2560x1608-Miniferie-par-1_01.jpg]
[www.imperial-hotel-copenhagen.com/uploads/tx_templavoila/720x350-Miniferie-par-1_21.jpg]
[www.imperial-hotel-copenhagen.com/uploads/tx_templavoila/720x350-Miniferie-familie-1_05.jpg]
[www.imperial-hotel-copenhagen.com/uploads/tx_templavoila/RomantiskOphold_02.jpg]
[www.imperial-hotel-copenhagen.com/uploads/tx_templavoila/720x350-Romantik-for-2_27.jpg]
[www.imperial-hotel-copenhagen.com/uploads/tx_templavoila/720x469-phoenix-romance-champagne_09.jpg]
[www.imperial-hotel-copenhagen.com/uploads/tx_templavoila/720x469-imperial-hotel-rooms-executive-double-5_09.jpg]
[www.imperial-hotel-copenhagen.com/uploads/tx_templavoila/Rooms_IMP_05_IMP_Superior_double_12.jpg]
[www.imperial-hotel-copenhagen.com/uploads/tx_templavoila/720x469-imperial-hotel-romance-1_01.jpg]
[www.imperial-hotel-copenhagen.com/uploads/tx_templavoila/720x469-imperial-hotel-restaurant-appetito-1_01.jpg]
[www.imperial-hotel-copenhagen.com/uploads/tx_templavoila/720x469-imperial-hotel-morgenmad-6_03.jpg]
[www.imperial-hotel-copenhagen.com/uploads/tx_templavoila/720x469-imperial-hotel-restaurant-morgenmad-1_02.jpg]
[www.imperial-hotel-copenhagen.com/uploads/tx_templavoila/720x469-Imperial-Hotel-Facade-1_11.jpg]
[www.imperial-hotel-copenhagen.com/uploads/tx_templavoila/2560x1680-Tivoli-ballongynen_03.jpg]
[www.imperial-hotel-copenhagen.com/fileadmin/templates/hotelSites_ahhg/images_subpage_hotel/leftmenu.png]
[www.imperial-hotel-copenhagen.com/uploads/tx_templavoila/720x350-Tivoli-in-Copenhagen-1_09.jpg]
[www.imperial-hotel-copenhagen.com/uploads/tx_templavoila/720x469-Imperial-Hotel-Facade-1_41.jpg]
[www.imperial-hotel-copenhagen.com/uploads/tx_templavoila/720x469-Tivoli-ballongynen_75.jpg]
[www.imperial-hotel-copenhagen.com/uploads/tx_templavoila/720x469-imperial-hotel-rooms-executive-double-5_15.jpg]
[www.imperial-hotel-copenhagen.com/uploads/tx_templavoila/Rooms_IMP_05_IMP_Superior_double_18.jpg]
[www.imperial-hotel-copenhagen.com/uploads/tx_templavoila/2560x1680-Tivoli-ballongynen_02.jpg]
[www.imperial-hotel-copenhagen.com/uploads/tx_templavoila/720x350-tivoli-all-inclusive_09.jpg]
[www.imperial-hotel-copenhagen.com/uploads/tx_templavoila/720x469-Imperial-Hotel-Facade-1_36.jpg]
[www.imperial-hotel-copenhagen.com/uploads/tx_templavoila/720x469-Tivoli-ballongynen_71.jpg]
[www.imperial-hotel-copenhagen.com/uploads/tx_templavoila/720x469-imperial-hotel-morgenmad-6_10.jpg]
[www.imperial-hotel-copenhagen.com/uploads/tx_templavoila/720x469-imperial-hotel-restaurant-morgenmad-1_04.jpg]
[www.imperial-hotel-copenhagen.com/uploads/tx_templavoila/720x469-imperial-hotel-rooms-executive-double-5_14.jpg]
[www.imperial-hotel-copenhagen.com/uploads/tx_templavoila/Rooms_IMP_05_IMP_Superior_double_17.jpg]
[www.imperial-hotel-copenhagen.com/uploads/tx_templavoila/2560x1608-Tivoli-Halloween-1_01.jpg]
[www.imperial-hotel-copenhagen.com/uploads/tx_templavoila/720x350-Tivoli-Halloween-4_01.jpg]
[www.imperial-hotel-copenhagen.com/uploads/tx_templavoila/720x469-Imperial-Hotel-Facade-1_31.jpg]
[www.imperial-hotel-copenhagen.com/uploads/tx_templavoila/720x469-Tivoli-Halloween-1_05.jpg]
[www.imperial-hotel-copenhagen.com/uploads/tx_templavoila/720x469-Halloween-i-Tivoli-1_05.jpg]
[www.imperial-hotel-copenhagen.com/uploads/tx_templavoila/720x469-Tivoli-soen_02.jpg]
[www.imperial-hotel-copenhagen.com/uploads/tx_templavoila/720x469-Tivoli-ballongynen_67.jpg]
[www.imperial-hotel-copenhagen.com/uploads/tx_templavoila/720x469-imperial-hotel-rooms-executive-double-5_13.jpg]
[www.imperial-hotel-copenhagen.com/uploads/tx_templavoila/Rooms_IMP_05_IMP_Superior_double_16.jpg]
[www.imperial-hotel-copenhagen.com/uploads/tx_templavoila/720x469-Imperial-Hotel-Facade-1_51.jpg]
[www.imperial-hotel-copenhagen.com/uploads/tx_templavoila/720x469-Tivoli-Jul-2_13.jpg]
[www.imperial-hotel-copenhagen.com/uploads/tx_templavoila/720x469-Tivoli-Jul-13_05.jpg]
[www.imperial-hotel-copenhagen.com/uploads/tx_templavoila/720x469-Tivoli-Jul-11_05.jpg]
[www.imperial-hotel-copenhagen.com/uploads/tx_templavoila/720x469-imperial-hotel-rooms-executive-double-5_17.jpg]
[www.imperial-hotel-copenhagen.com/uploads/tx_templavoila/Rooms_IMP_05_IMP_Superior_double_20.jpg]
[www.imperial-hotel-copenhagen.com/typo3temp/_processed_/csm_720x469-2017-11-Hjulkoebing_Stationsbygning_Tog_Aften_2017_Lasse_Salling_07_55def972cd.jpg]
[www.imperial-hotel-copenhagen.com/uploads/tx_templavoila/2560x1608-fredagsrock_01.jpg]
[www.imperial-hotel-copenhagen.com/uploads/tx_templavoila/720x350-Fredagsrock-i-Tivoli-2_05.jpg]
[www.imperial-hotel-copenhagen.com/uploads/tx_templavoila/720x469-Imperial-Hotel-Facade-1_56.jpg]
[www.imperial-hotel-copenhagen.com/uploads/tx_templavoila/720x469-Fredagsrock-i-Tivoli-2_26.jpg]
[www.imperial-hotel-copenhagen.com/uploads/tx_templavoila/720x469-tivoli-fredagsrock-1_01.jpg]
[www.imperial-hotel-copenhagen.com/uploads/tx_templavoila/720x469-imperial-hotel-rooms-executive-double-5_18.jpg]
[www.imperial-hotel-copenhagen.com/uploads/tx_templavoila/Rooms_IMP_05_IMP_Superior_double_21.jpg]
[www.imperial-hotel-copenhagen.com/uploads/tx_templavoila/Nytaar_13.jpg]
[www.imperial-hotel-copenhagen.com/uploads/tx_templavoila/720x350-Nytaar-Champagne-1_01.jpg]
[www.imperial-hotel-copenhagen.com/uploads/tx_templavoila/720x469-Imperial-Hotel-Facade-1_16.jpg]
[www.imperial-hotel-copenhagen.com/uploads/tx_templavoila/720x469-imperial-hotel-restaurant-appetito-1_02.jpg]
[www.imperial-hotel-copenhagen.com/uploads/tx_templavoila/720x469-imperial-hotel-rooms-executive-double-5_10.jpg]
[www.imperial-hotel-copenhagen.com/uploads/tx_templavoila/Rooms_IMP_05_IMP_Superior_double_13.jpg]
[www.imperial-hotel-copenhagen.com/uploads/tx_templavoila/2560x1608-2018-februar-wallmans_arp-hansen_03.jpg]
[www.imperial-hotel-copenhagen.com/uploads/tx_templavoila/720x350-Wallmans-Urban-Nights-UK_14.jpg]
[www.imperial-hotel-copenhagen.com/uploads/tx_templavoila/720x469-Wallmans-Urban-Nights_17.jpg]
[www.imperial-hotel-copenhagen.com/uploads/tx_templavoila/720x469-Wallmans-dancing_09.jpg]
[www.imperial-hotel-copenhagen.com/uploads/tx_templavoila/720x469-Wallmans-building_09.jpg]
[www.imperial-hotel-copenhagen.com/uploads/tx_templavoila/720x469-Wallmans-2_13.jpg]
[www.imperial-hotel-copenhagen.com/uploads/tx_templavoila/720x469-imperial-hotel-rooms-executive-double-5_12.jpg]
[www.imperial-hotel-copenhagen.com/uploads/tx_templavoila/Rooms_IMP_05_IMP_Superior_double_15.jpg]
[www.imperial-hotel-copenhagen.com/uploads/tx_templavoila/720x469-Imperial-Hotel-Facade-1_26.jpg]
[www.imperial-hotel-copenhagen.com/uploads/tx_templavoila/prisgaranti-2015_01.jpg]
[www.imperial-hotel-copenhagen.com/uploads/tx_templavoila/Konference_connecting_04.jpg]
[www.imperial-hotel-copenhagen.com/uploads/tx_templavoila/Konference_connecting_05.jpg]
[www.imperial-hotel-copenhagen.com/uploads/tx_templavoila/Konference_Raadhuspladsen_10.jpg]
[www.imperial-hotel-copenhagen.com/uploads/tx_templavoila/Konference_Gammeltorv_03.jpg]
[www.imperial-hotel-copenhagen.com/uploads/tx_templavoila/Konference_Axeltorv_03.jpg]
[www.imperial-hotel-copenhagen.com/fileadmin/2017/PDF/Imperial/AHHG-kapacitetsoversigt-imperial-EN.pdf]
[www.imperial-hotel-copenhagen.com/fileadmin/2017/images/Imperial/720x469/1_Facade_og_lobby/720x469-imperial-hotel-facade-2.jpg]
[www.imperial-hotel-copenhagen.com/fileadmin/2017/images/Imperial/720x469/3_Konference_og_selskab/720x469-imperial-hotel-konference-kultorvet-2.jpg]
[www.imperial-hotel-copenhagen.com/fileadmin/2017/images/Imperial/720x469/1_Facade_og_lobby/720x469-imperial-hotel-business-center-1.jpg]
[www.imperial-hotel-copenhagen.com/uploads/tx_templavoila/Konference_Raadhuspladsen_03.jpg]
[www.imperial-hotel-copenhagen.com/fileadmin/2017/images/Imperial/720x469/3_Konference_og_selskab/720x469-imperial-hotel-konference-raadhuspladsen-1.jpg]
[www.imperial-hotel-copenhagen.com/uploads/tx_templavoila/Konference_Kongens_Nytorv_02.jpg]
[www.imperial-hotel-copenhagen.com/fileadmin/2016/images/Imperial/878x572/Aktuelle/3 Konference og selskab/Konference_Kongens_Nytorv.jpg]
[www.imperial-hotel-copenhagen.com/uploads/tx_templavoila/720x469-imperial-hotel-konference-amagertorv-1.jpg]
[www.imperial-hotel-copenhagen.com/fileadmin/2016/images/Imperial/878x572/Aktuelle/3 Konference og selskab/Konference_Amagertorv.jpg]
[www.imperial-hotel-copenhagen.com/uploads/tx_templavoila/720x469-imperial-hotel-konference-connecting-1_05.jpg]
[www.imperial-hotel-copenhagen.com/fileadmin/2016/images/Imperial/878x572/Aktuelle/3 Konference og selskab/Konference_connecting.jpg]
[www.imperial-hotel-copenhagen.com/uploads/tx_templavoila/720x469-imperial-hotel-konference-axeltorv-1_05.jpg]
[www.imperial-hotel-copenhagen.com/fileadmin/2016/images/Imperial/878x572/Aktuelle/3 Konference og selskab/Konference_Axeltorv.jpg]
[www.imperial-hotel-copenhagen.com/uploads/tx_templavoila/720x469-imperial-hotel-konference-kultorvet-2_05.jpg]
[www.imperial-hotel-copenhagen.com/fileadmin/2016/images/Imperial/878x572/Aktuelle/3 Konference og selskab/Konference_Kultorvet.jpg]
[www.imperial-hotel-copenhagen.com/uploads/tx_templavoila/720x469-imperial-hotel-konference-gammeltorv-1_05.jpg]
[www.imperial-hotel-copenhagen.com/fileadmin/2016/images/Imperial/878x572/Aktuelle/3 Konference og selskab/Konference_Gammeltorv.jpg]
[www.imperial-hotel-copenhagen.com/uploads/tx_templavoila/Room_suites_IMP_suite_07.jpg]
[www.imperial-hotel-copenhagen.com/fileadmin/2016/images/Imperial/878x572/Aktuelle/2 Rooms/Suites/Room_suites_IMP_suite.jpg]
[www.imperial-hotel-copenhagen.com/uploads/tx_templavoila/720x469-Imperial-Hotel-meeting_17.jpg]
[www.imperial-hotel-copenhagen.com/uploads/tx_templavoila/720x469-Imperial-Hotel-meeting_21.jpg]
[www.imperial-hotel-copenhagen.com/uploads/tx_templavoila/720x350-Imperial-Hotel-meeting_05.jpg]
[www.imperial-hotel-copenhagen.com/uploads/tx_templavoila/720x469-Imperial-Hotel-meeting_33.jpg]
[www.imperial-hotel-copenhagen.com/uploads/tx_templavoila/720x469-Imperial-Hotel-meeting_37.jpg]
[www.imperial-hotel-copenhagen.com/uploads/tx_templavoila/720x469-Imperial-Hotel-meeting_25.jpg]
[www.imperial-hotel-copenhagen.com/uploads/tx_templavoila/720x469-Imperial-Hotel-meeting_29.jpg]
[www.imperial-hotel-copenhagen.com/uploads/tx_templavoila/IMP_LApetitio_01.jpg]
[www.imperial-hotel-copenhagen.com/fileadmin/2016/images/Imperial/878x572/Aktuelle/4 Restaurant/Lappetito.jpg]
[www.imperial-hotel-copenhagen.com/uploads/tx_templavoila/skyline.jpg]
[www.imperial-hotel-copenhagen.com/fileadmin/2016/images/Locations/878x572/Imperial.jpg]
[www.imperial-hotel-copenhagen.com/fileadmin/2017/images/Pakkebilleder/720x469/720x469-Wallmans-2.jpg]
[www.imperial-hotel-copenhagen.com/fileadmin/2016/images/Locations/878x572/planetariet.jpg]
[www.imperial-hotel-copenhagen.com/uploads/tx_templavoila/skyline_01.jpg]
[www.imperial-hotel-copenhagen.com/uploads/tx_templavoila/Rooms_IMP_01_IMP_Superior_double1_03.jpg]
[www.imperial-hotel-copenhagen.com/restaurant-i-koebenhavn/ristorante-lappetito/index.html]
[www.imperial-hotel-copenhagen.com/fileadmin/templates/hotelSites_ahhg/css/images_subpage_hotel/images_venue/reqBG.png]
[www.imperial-hotel-copenhagen.com/fileadmin/templates/hotelSites_ahhg/images_subpage_hotel/images_venue/red_down_1001ca4.png]
[www.imperial-hotel-copenhagen.com/fileadmin/templates/hotelSites_ahhg/images_subpage_hotel/images_venue/red_up_1000f79.png]
[www.imperial-hotel-copenhagen.com/fileadmin/templates/hotelSites_ahhg/images_subpage_hotel/leftmenu_subpageBG.png]
[www.imperial-hotel-copenhagen.com/fileadmin/templates/hotelSites_ahhg/images_frontpage_hotel/btn_left.png]
[www.imperial-hotel-copenhagen.com/fileadmin/templates/hotelSites_ahhg/images_frontpage_hotel/btn_right.png]
[www.imperial-hotel-copenhagen.com/fileadmin/templates/hotelSites_ahhg/images_subpage_hotel/images_imperial/mainBG_underside.png]
[www.imperial-hotel-copenhagen.com/fileadmin/templates/hotelSites_ahhg/images_subpage_hotel/images_imperial/CTA_smallBG.png]
[www.imperial-hotel-copenhagen.com/fileadmin/templates/hotelSites_ahhg/images_subpage_hotel/images_imperial/offerBG.png]
[www.imperial-hotel-copenhagen.com/the-hotel/ABCDEFGHIJKLMNOPQRSTUVWXYZabcdefghijklmnopqrstuvwxyz0123456789+/index.html]
[www.imperial-hotel-copenhagen.com/the-hotel/^([^_/indexd41d.html]
[www.imperial-hotel-copenhagen.com/restserver.php]
[www.imperial-hotel-copenhagen.com/uploads/tx_templavoila/Lifestyle_familie_1_21.jpg]
